[0.008s] Invoking command in '/home/amartya/drone_ws/build/drone_robot': CMAKE_PREFIX_PATH=/opt/ros/humble /usr/bin/cmake /home/amartya/drone_ws/src/drone_robot -DCMAKE_INSTALL_PREFIX=/home/amartya/drone_ws/install/drone_robot
[0.171s] -- The C compiler identification is GNU 11.4.0
[0.282s] -- The CXX compiler identification is GNU 11.4.0
[0.288s] -- Detecting C compiler ABI info
[0.355s] -- Detecting C compiler ABI info - done
[0.362s] -- Check for working C compiler: /usr/bin/cc - skipped
[0.363s] -- Detecting C compile features
[0.363s] -- Detecting C compile features - done
[0.366s] -- Detecting CXX compiler ABI info
[0.424s] -- Detecting CXX compiler ABI info - done
[0.431s] -- Check for working CXX compiler: /usr/bin/c++ - skipped
[0.431s] -- Detecting CXX compile features
[0.432s] -- Detecting CXX compile features - done
[0.434s] -- Found ament_cmake: 1.3.14 (/opt/ros/humble/share/ament_cmake/cmake)
[0.535s] -- Found Python3: /usr/bin/python3 (found version "3.10.12") found components: Interpreter 
[0.598s] -- Found ament_lint_auto: 0.12.15 (/opt/ros/humble/share/ament_lint_auto/cmake)
[0.668s] -- Added test 'flake8' to check Python code syntax and style conventions
[0.668s] -- Added test 'lint_cmake' to check CMake code style
[0.668s] -- Added test 'pep257' to check Python code against some of the docstring style conventions in PEP 257
[0.669s] -- Added test 'xmllint' to check XML markup files
[0.670s] -- Configuring done
[0.671s] -- Generating done
[0.672s] -- Build files have been written to: /home/amartya/drone_ws/build/drone_robot
[0.674s] Invoked command in '/home/amartya/drone_ws/build/drone_robot' returned '0': CMAKE_PREFIX_PATH=/opt/ros/humble /usr/bin/cmake /home/amartya/drone_ws/src/drone_robot -DCMAKE_INSTALL_PREFIX=/home/amartya/drone_ws/install/drone_robot
[0.675s] Invoking command in '/home/amartya/drone_ws/build/drone_robot': CMAKE_PREFIX_PATH=/opt/ros/humble /usr/bin/cmake --build /home/amartya/drone_ws/build/drone_robot -- -j16 -l16
[0.702s] Invoked command in '/home/amartya/drone_ws/build/drone_robot' returned '0': CMAKE_PREFIX_PATH=/opt/ros/humble /usr/bin/cmake --build /home/amartya/drone_ws/build/drone_robot -- -j16 -l16
[0.710s] Invoking command in '/home/amartya/drone_ws/build/drone_robot': CMAKE_PREFIX_PATH=/opt/ros/humble /usr/bin/cmake --install /home/amartya/drone_ws/build/drone_robot
[0.717s] -- Install configuration: ""
[0.717s] -- Installing: /home/amartya/drone_ws/install/drone_robot/share/ament_index/resource_index/package_run_dependencies/drone_robot
[0.717s] -- Installing: /home/amartya/drone_ws/install/drone_robot/share/ament_index/resource_index/parent_prefix_path/drone_robot
[0.717s] -- Installing: /home/amartya/drone_ws/install/drone_robot/share/drone_robot/environment/ament_prefix_path.sh
[0.717s] -- Installing: /home/amartya/drone_ws/install/drone_robot/share/drone_robot/environment/ament_prefix_path.dsv
[0.717s] -- Installing: /home/amartya/drone_ws/install/drone_robot/share/drone_robot/environment/path.sh
[0.717s] -- Installing: /home/amartya/drone_ws/install/drone_robot/share/drone_robot/environment/path.dsv
[0.718s] -- Installing: /home/amartya/drone_ws/install/drone_robot/share/drone_robot/local_setup.bash
[0.718s] -- Installing: /home/amartya/drone_ws/install/drone_robot/share/drone_robot/local_setup.sh
[0.718s] -- Installing: /home/amartya/drone_ws/install/drone_robot/share/drone_robot/local_setup.zsh
[0.718s] -- Installing: /home/amartya/drone_ws/install/drone_robot/share/drone_robot/local_setup.dsv
[0.718s] -- Installing: /home/amartya/drone_ws/install/drone_robot/share/drone_robot/package.dsv
[0.718s] -- Installing: /home/amartya/drone_ws/install/drone_robot/share/ament_index/resource_index/packages/drone_robot
[0.718s] -- Installing: /home/amartya/drone_ws/install/drone_robot/share/drone_robot/cmake/drone_robotConfig.cmake
[0.718s] -- Installing: /home/amartya/drone_ws/install/drone_robot/share/drone_robot/cmake/drone_robotConfig-version.cmake
[0.718s] -- Installing: /home/amartya/drone_ws/install/drone_robot/share/drone_robot/package.xml
[0.719s] Invoked command in '/home/amartya/drone_ws/build/drone_robot' returned '0': CMAKE_PREFIX_PATH=/opt/ros/humble /usr/bin/cmake --install /home/amartya/drone_ws/build/drone_robot
